{
  "version": "1.5.0",
  "plugins_used": [
    {
      "name": "ArtifactoryDetector"
    },
    {
      "name": "AWSKeyDetector"
    },
    {
      "name": "AzureStorageKeyDetector"
    },
    {
      "name": "Base64HighEntropyString",
      "limit": 4.5
    },
    {
      "name": "BasicAuthDetector"
    },
    {
      "name": "CloudantDetector"
    },
    {
      "name": "DiscordBotTokenDetector"
    },
    {
      "name": "GitHubTokenDetector"
    },
    {
      "name": "GitLabTokenDetector"
    },
    {
      "name": "HexHighEntropyString",
      "limit": 3.0
    },
    {
      "name": "IbmCloudIamDetector"
    },
    {
      "name": "IbmCosHmacDetector"
    },
    {
      "name": "IPPublicDetector"
    },
    {
      "name": "JwtTokenDetector"
    },
    {
      "name": "KeywordDetector",
      "keyword_exclude": ""
    },
    {
      "name": "MailchimpDetector"
    },
    {
      "name": "NpmDetector"
    },
    {
      "name": "OpenAIDetector"
    },
    {
      "name": "PrivateKeyDetector"
    },
    {
      "name": "PypiTokenDetector"
    },
    {
      "name": "SendGridDetector"
    },
    {
      "name": "SlackDetector"
    },
    {
      "name": "SoftlayerDetector"
    },
    {
      "name": "SquareOAuthDetector"
    },
    {
      "name": "StripeDetector"
    },
    {
      "name": "TelegramBotTokenDetector"
    },
    {
      "name": "TwilioKeyDetector"
    }
  ],
  "filters_used": [
    {
      "path": "detect_secrets.filters.allowlist.is_line_allowlisted"
    },
    {
      "path": "detect_secrets.filters.common.is_baseline_file",
      "filename": ".secrets.baseline"
    },
    {
      "path": "detect_secrets.filters.common.is_ignored_due_to_verification_policies",
      "min_level": 2
    },
    {
      "path": "detect_secrets.filters.heuristic.is_indirect_reference"
    },
    {
      "path": "detect_secrets.filters.heuristic.is_likely_id_string"
    },
    {
      "path": "detect_secrets.filters.heuristic.is_lock_file"
    },
    {
      "path": "detect_secrets.filters.heuristic.is_not_alphanumeric_string"
    },
    {
      "path": "detect_secrets.filters.heuristic.is_potential_uuid"
    },
    {
      "path": "detect_secrets.filters.heuristic.is_prefixed_with_dollar_sign"
    },
    {
      "path": "detect_secrets.filters.heuristic.is_sequential_string"
    },
    {
      "path": "detect_secrets.filters.heuristic.is_swagger_file"
    },
    {
      "path": "detect_secrets.filters.heuristic.is_templated_secret"
    },
    {
      "path": "detect_secrets.filters.regex.should_exclude_file",
      "pattern": [
        "^pnpm-lock\\.yaml$"
      ]
    }
  ],
  "results": {
    "playwright.config.ts": [
      {
        "type": "Secret Keyword",
        "filename": "playwright.config.ts",
        "hashed_secret": "ac5e853773a9a8f1e5968e482b39fe5d699c37b1",
        "is_verified": false,
        "line_number": 3
      },
      {
        "type": "Secret Keyword",
        "filename": "playwright.config.ts",
        "hashed_secret": "215cbb7281f35723b65e9be9147afbdd0c9e1f92",
        "is_verified": false,
        "line_number": 22
      }
    ],
    "src/features/clinic-dashboard/auth/ClinicDashboardAuthScreen.stories.tsx": [
      {
        "type": "Secret Keyword",
        "filename": "src/features/clinic-dashboard/auth/ClinicDashboardAuthScreen.stories.tsx",
        "hashed_secret": "cbfdac6008f9cab4083784cbd1874f76618d2a97",
        "is_verified": false,
        "line_number": 47
      }
    ],
    "tests/e2e/clinic-dashboard.spec.ts": [
      {
        "type": "Secret Keyword",
        "filename": "tests/e2e/clinic-dashboard.spec.ts",
        "hashed_secret": "ac5e853773a9a8f1e5968e482b39fe5d699c37b1",
        "is_verified": false,
        "line_number": 3
      }
    ],
    "tests/integration/patient-inquiry-status-route.test.ts": [
      {
        "type": "Hex High Entropy String",
        "filename": "tests/integration/patient-inquiry-status-route.test.ts",
        "hashed_secret": "b1775a785f09a6ebaf2dc33d6eaeb98974d9cdb8",
        "is_verified": false,
        "line_number": 70
      }
    ],
    "tests/unit/auth-actions-production.test.ts": [
      {
        "type": "Hex High Entropy String",
        "filename": "tests/unit/auth-actions-production.test.ts",
        "hashed_secret": "b1775a785f09a6ebaf2dc33d6eaeb98974d9cdb8",
        "is_verified": false,
        "line_number": 138
      },
      {
        "type": "Secret Keyword",
        "filename": "tests/unit/auth-actions-production.test.ts",
        "hashed_secret": "cbfdac6008f9cab4083784cbd1874f76618d2a97",
        "is_verified": false,
        "line_number": 163
      },
      {
        "type": "Secret Keyword",
        "filename": "tests/unit/auth-actions-production.test.ts",
        "hashed_secret": "6809ffccad03b80fa1fbc32c17e7e054805ec30b",
        "is_verified": false,
        "line_number": 189
      },
      {
        "type": "Secret Keyword",
        "filename": "tests/unit/auth-actions-production.test.ts",
        "hashed_secret": "fefda504251b73d30a7cf3d047d241388a3c11b3",
        "is_verified": false,
        "line_number": 301
      }
    ],
    "tests/unit/auth-actions.test.ts": [
      {
        "type": "Hex High Entropy String",
        "filename": "tests/unit/auth-actions.test.ts",
        "hashed_secret": "b1775a785f09a6ebaf2dc33d6eaeb98974d9cdb8",
        "is_verified": false,
        "line_number": 71
      },
      {
        "type": "Secret Keyword",
        "filename": "tests/unit/auth-actions.test.ts",
        "hashed_secret": "789cbe0407840b1c2041cb33452ff60f19bf58cc",
        "is_verified": false,
        "line_number": 87
      },
      {
        "type": "Secret Keyword",
        "filename": "tests/unit/auth-actions.test.ts",
        "hashed_secret": "6809ffccad03b80fa1fbc32c17e7e054805ec30b",
        "is_verified": false,
        "line_number": 100
      },
      {
        "type": "Secret Keyword",
        "filename": "tests/unit/auth-actions.test.ts",
        "hashed_secret": "fefda504251b73d30a7cf3d047d241388a3c11b3",
        "is_verified": false,
        "line_number": 147
      }
    ],
    "tests/unit/auth-refresh.test.ts": [
      {
        "type": "Hex High Entropy String",
        "filename": "tests/unit/auth-refresh.test.ts",
        "hashed_secret": "b1775a785f09a6ebaf2dc33d6eaeb98974d9cdb8",
        "is_verified": false,
        "line_number": 48
      }
    ],
    "tests/unit/csrf.test.ts": [
      {
        "type": "Hex High Entropy String",
        "filename": "tests/unit/csrf.test.ts",
        "hashed_secret": "b1775a785f09a6ebaf2dc33d6eaeb98974d9cdb8",
        "is_verified": false,
        "line_number": 40
      }
    ],
    "tests/unit/email-callback.test.ts": [
      {
        "type": "Hex High Entropy String",
        "filename": "tests/unit/email-callback.test.ts",
        "hashed_secret": "b1775a785f09a6ebaf2dc33d6eaeb98974d9cdb8",
        "is_verified": false,
        "line_number": 12
      }
    ],
    "tests/unit/env.test.ts": [
      {
        "type": "Hex High Entropy String",
        "filename": "tests/unit/env.test.ts",
        "hashed_secret": "b1775a785f09a6ebaf2dc33d6eaeb98974d9cdb8",
        "is_verified": false,
        "line_number": 11
      },
      {
        "type": "Secret Keyword",
        "filename": "tests/unit/env.test.ts",
        "hashed_secret": "b1775a785f09a6ebaf2dc33d6eaeb98974d9cdb8",
        "is_verified": false,
        "line_number": 11
      },
      {
        "type": "Secret Keyword",
        "filename": "tests/unit/env.test.ts",
        "hashed_secret": "789cbe0407840b1c2041cb33452ff60f19bf58cc",
        "is_verified": false,
        "line_number": 30
      },
      {
        "type": "Secret Keyword",
        "filename": "tests/unit/env.test.ts",
        "hashed_secret": "a0f4ea7d91495df92bbac2e2149dfb850fe81396",
        "is_verified": false,
        "line_number": 164
      }
    ],
    "tests/unit/inquiry-status-actions.test.ts": [
      {
        "type": "Hex High Entropy String",
        "filename": "tests/unit/inquiry-status-actions.test.ts",
        "hashed_secret": "b1775a785f09a6ebaf2dc33d6eaeb98974d9cdb8",
        "is_verified": false,
        "line_number": 53
      }
    ],
    "tests/unit/patient-inquiry-payload.test.ts": [
      {
        "type": "Hex High Entropy String",
        "filename": "tests/unit/patient-inquiry-payload.test.ts",
        "hashed_secret": "b1775a785f09a6ebaf2dc33d6eaeb98974d9cdb8",
        "is_verified": false,
        "line_number": 34
      }
    ],
    "tests/unit/payload-bootstrap.test.ts": [
      {
        "type": "Hex High Entropy String",
        "filename": "tests/unit/payload-bootstrap.test.ts",
        "hashed_secret": "b1775a785f09a6ebaf2dc33d6eaeb98974d9cdb8",
        "is_verified": false,
        "line_number": 25
      }
    ],
    "tests/unit/proxy.test.ts": [
      {
        "type": "Hex High Entropy String",
        "filename": "tests/unit/proxy.test.ts",
        "hashed_secret": "b1775a785f09a6ebaf2dc33d6eaeb98974d9cdb8",
        "is_verified": false,
        "line_number": 29
      }
    ],
    "tests/unit/supabase-cookie-adapter.test.ts": [
      {
        "type": "Hex High Entropy String",
        "filename": "tests/unit/supabase-cookie-adapter.test.ts",
        "hashed_secret": "b1775a785f09a6ebaf2dc33d6eaeb98974d9cdb8",
        "is_verified": false,
        "line_number": 15
      }
    ],
    "tests/unit/workspace-account-profile.test.ts": [
      {
        "type": "Secret Keyword",
        "filename": "tests/unit/workspace-account-profile.test.ts",
        "hashed_secret": "3708278b51e3fac8c0ab57724213d1e238699187",
        "is_verified": false,
        "line_number": 18
      }
    ]
  },
  "generated_at": "2026-07-27T13:33:51Z"
}
